// Jest Snapshot v1, https://goo.gl/fbAQLP

exports[`ReplyMessage renders correctly with props 1`] = `
<BVLinearGradient
  colors={
    Array [
      4293914607,
      4293914607,
    ]
  }
  locations={
    Array [
      0,
      1,
    ]
  }
  style={
    Object {
      "flex": 1,
    }
  }
>
  <RCTSafeAreaView
    style={
      Object {
        "flex": 1,
      }
    }
  >
    <View
      onLayout={[Function]}
    >
      <View
        style={
          Array [
            undefined,
            null,
          ]
        }
      >
        <View
          style={
            Array [
              undefined,
              undefined,
            ]
          }
        >
          <View
            accessible={true}
            isTVSelectable={true}
            onResponderGrant={[Function]}
            onResponderMove={[Function]}
            onResponderRelease={[Function]}
            onResponderTerminate={[Function]}
            onResponderTerminationRequest={[Function]}
            onStartShouldSetResponder={[Function]}
            style={
              Object {
                "opacity": 1,
              }
            }
          >
            <Text
              accessible={true}
              allowFontScaling={false}
              ellipsizeMode="tail"
              style={
                Array [
                  Object {
                    "color": "#2E88FF",
                    "fontSize": 36,
                  },
                  undefined,
                  Object {
                    "fontFamily": "Material Design Icons",
                    "fontStyle": "normal",
                    "fontWeight": "normal",
                  },
                  Object {},
                ]
              }
              type="material-community"
            >
              
            </Text>
          </View>
        </View>
        <View
          style={
            Array [
              undefined,
              undefined,
              null,
            ]
          }
        >
          <Text
            accessible={true}
            allowFontScaling={true}
            ellipsizeMode="tail"
            numberOfLines={1}
            style={
              Array [
                Object {
                  "fontFamily": "OpenSans-Regular",
                },
                Array [
                  undefined,
                  null,
                ],
              ]
            }
          >
            Reply Message
          </Text>
        </View>
        <View
          style={
            Array [
              undefined,
              undefined,
            ]
          }
        />
      </View>
      <View
        style={
          Object {
            "alignItems": "flex-start",
            "backgroundColor": "#fff",
            "flexDirection": "row",
            "justifyContent": "flex-start",
            "maxHeight": 45,
            "padding": 10,
            "position": "relative",
          }
        }
      >
        <RCTScrollView>
          <View>
            <View
              style={
                Object {
                  "backgroundColor": "#fff",
                  "borderColor": "#CACACA",
                  "borderRadius": 5,
                  "borderWidth": 1,
                  "padding": 10,
                }
              }
            >
              <Text
                accessible={true}
                allowFontScaling={true}
                ellipsizeMode="tail"
                style={
                  Object {
                    "color": "#343a40",
                    "flex": 1,
                    "fontSize": 16,
                  }
                }
              >
                can we cover 200% of statements?
              </Text>
            </View>
          </View>
        </RCTScrollView>
      </View>
      <View
        style={
          Array [
            undefined,
            undefined,
          ]
        }
      >
        <View
          onLayout={[Function]}
          style={
            Object {
              "flex": 1,
            }
          }
        />
      </View>
    </View>
  </RCTSafeAreaView>
</BVLinearGradient>
`;

exports[`ReplyMessage renders correctly without props 1`] = `
<BVLinearGradient
  colors={
    Array [
      4293914607,
      4293914607,
    ]
  }
  locations={
    Array [
      0,
      1,
    ]
  }
  style={
    Object {
      "flex": 1,
    }
  }
>
  <RCTSafeAreaView
    style={
      Object {
        "flex": 1,
      }
    }
  >
    <View
      onLayout={[Function]}
    >
      <View
        style={
          Array [
            undefined,
            null,
          ]
        }
      >
        <View
          style={
            Array [
              undefined,
              undefined,
            ]
          }
        >
          <View
            accessible={true}
            isTVSelectable={true}
            onResponderGrant={[Function]}
            onResponderMove={[Function]}
            onResponderRelease={[Function]}
            onResponderTerminate={[Function]}
            onResponderTerminationRequest={[Function]}
            onStartShouldSetResponder={[Function]}
            style={
              Object {
                "opacity": 1,
              }
            }
          >
            <Text
              accessible={true}
              allowFontScaling={false}
              ellipsizeMode="tail"
              style={
                Array [
                  Object {
                    "color": "#2E88FF",
                    "fontSize": 36,
                  },
                  undefined,
                  Object {
                    "fontFamily": "Material Design Icons",
                    "fontStyle": "normal",
                    "fontWeight": "normal",
                  },
                  Object {},
                ]
              }
              type="material-community"
            >
              
            </Text>
          </View>
        </View>
        <View
          style={
            Array [
              undefined,
              undefined,
              null,
            ]
          }
        >
          <Text
            accessible={true}
            allowFontScaling={true}
            ellipsizeMode="tail"
            numberOfLines={1}
            style={
              Array [
                Object {
                  "fontFamily": "OpenSans-Regular",
                },
                Array [
                  undefined,
                  null,
                ],
              ]
            }
          >
            Reply Message
          </Text>
        </View>
        <View
          style={
            Array [
              undefined,
              undefined,
            ]
          }
        />
      </View>
      <View
        style={
          Object {
            "alignItems": "flex-start",
            "backgroundColor": "#fff",
            "flexDirection": "row",
            "justifyContent": "flex-start",
            "maxHeight": 45,
            "padding": 10,
            "position": "relative",
          }
        }
      >
        <RCTScrollView>
          <View>
            <View
              style={
                Object {
                  "backgroundColor": "#fff",
                  "borderColor": "#CACACA",
                  "borderRadius": 5,
                  "borderWidth": 1,
                  "padding": 10,
                }
              }
            >
              <Text
                accessible={true}
                allowFontScaling={true}
                ellipsizeMode="tail"
                style={
                  Object {
                    "color": "#343a40",
                    "flex": 1,
                    "fontSize": 16,
                  }
                }
              >
                can we cover 200% of statements?
              </Text>
            </View>
          </View>
        </RCTScrollView>
      </View>
      <View
        style={
          Array [
            undefined,
            undefined,
          ]
        }
      >
        <View
          onLayout={[Function]}
          style={
            Object {
              "flex": 1,
            }
          }
        />
      </View>
    </View>
  </RCTSafeAreaView>
</BVLinearGradient>
`;
